// Jest Snapshot v1, https://goo.gl/fbAQLP

exports[`Header component expect 1`] = `ShallowWrapper {}`;
